C:\Users\student\Desktop\mace\stoljpi\Stoljpi_za_duck_hunt\Stoljpi_Project\implementation\system.ngc 1527844323
C:/Users/student/Desktop/mace/stoljpi/Stoljpi_za_duck_hunt/Stoljpi_Project/implementation/system_my_peripheral_0_wrapper.ngc 1527844274
C:/Users/student/Desktop/mace/stoljpi/Stoljpi_za_duck_hunt/Stoljpi_Project/implementation/system_rs232_wrapper.ngc 1527844268
C:/Users/student/Desktop/mace/stoljpi/Stoljpi_za_duck_hunt/Stoljpi_Project/implementation/system_proc_sys_reset_0_wrapper.ngc 1527844189
C:/Users/student/Desktop/mace/stoljpi/Stoljpi_za_duck_hunt/Stoljpi_Project/implementation/system_clock_generator_0_wrapper.ngc 1527844305
C:/Users/student/Desktop/mace/stoljpi/Stoljpi_za_duck_hunt/Stoljpi_Project/implementation/system_vga_periph_mem_0_wrapper.ngc 1527844311
C:/Users/student/Desktop/mace/stoljpi/Stoljpi_za_duck_hunt/Stoljpi_Project/implementation/system_microblaze_0_ilmb_wrapper.ngc 1527844297
C:/Users/student/Desktop/mace/stoljpi/Stoljpi_za_duck_hunt/Stoljpi_Project/implementation/system_microblaze_0_dlmb_wrapper.ngc 1527844300
C:/Users/student/Desktop/mace/stoljpi/Stoljpi_za_duck_hunt/Stoljpi_Project/implementation/system_axi4lite_0_wrapper.ngc 1527844308
C:/Users/student/Desktop/mace/stoljpi/Stoljpi_za_duck_hunt/Stoljpi_Project/implementation/system_microblaze_0_wrapper.ngc 1527844303
C:/Users/student/Desktop/mace/stoljpi/Stoljpi_za_duck_hunt/Stoljpi_Project/implementation/system_axi_intc_0_wrapper.ngc 1527844292
C:/Users/student/Desktop/mace/stoljpi/Stoljpi_za_duck_hunt/Stoljpi_Project/implementation/system_microblaze_0_i_bram_ctrl_wrapper.ngc 1527844199
C:/Users/student/Desktop/mace/stoljpi/Stoljpi_za_duck_hunt/Stoljpi_Project/implementation/system_microblaze_0_d_bram_ctrl_wrapper.ngc 1527844208
C:/Users/student/Desktop/mace/stoljpi/Stoljpi_za_duck_hunt/Stoljpi_Project/implementation/system_debug_module_wrapper.ngc 1527844248
C:/Users/student/Desktop/mace/stoljpi/Stoljpi_za_duck_hunt/Stoljpi_Project/implementation/system_microblaze_0_bram_block_wrapper.ngc 1527844214
OK
